 * Serving Flask app 'app'
 * Debug mode: on
[NotificationService:STUB] [2026-08-22T17:22:51.641961+00:00] ALERT for batch_id=85: Onion batch #85: Medium risk (64.7/100). Recommended: Nashik Cold Storage Hub (36.9 km, Rs 19.81/kg).
[NotificationService:STUB] [2026-08-22T17:27:03.290906+00:00] ALERT for batch_id=85: Onion batch #85: Medium risk (64.7/100). Recommended: Nashik Cold Storage Hub (36.9 km, Rs 19.81/kg).
[NotificationService:STUB] [2026-08-22T17:27:06.270806+00:00] ALERT for batch_id=83: Tomato batch #83: Medium risk (38.5/100). Recommended: Pune Market Yard (Gultekdi) (175.8 km, Rs 19.45/kg).
[NotificationService:STUB] [2026-08-22T17:27:06.282966+00:00] ALERT for batch_id=82: Tomato batch #82: Medium risk (38.5/100). Recommended: Pune Market Yard (Gultekdi) (175.8 km, Rs 19.45/kg).
[NotificationService:STUB] [2026-08-22T17:27:06.314477+00:00] ALERT for batch_id=84: Tomato batch #84: Medium risk (38.5/100). Recommended: Pune Market Yard (Gultekdi) (175.8 km, Rs 19.45/kg).
[NotificationService:STUB] [2026-08-22T17:27:07.390943+00:00] ALERT for batch_id=81: Tomato batch #81: Medium risk (38.5/100). Recommended: Pune Market Yard (Gultekdi) (175.8 km, Rs 19.45/kg).
[NotificationService:STUB] [2026-08-22T17:28:05.851238+00:00] ALERT for batch_id=85: Onion batch #85: Medium risk (64.7/100). Recommended: Nashik Cold Storage Hub (36.9 km, Rs 19.81/kg).
[NotificationService:STUB] [2026-08-22T17:28:08.895546+00:00] ALERT for batch_id=83: Tomato batch #83: Medium risk (38.5/100). Recommended: Pune Market Yard (Gultekdi) (175.8 km, Rs 19.45/kg).
[NotificationService:STUB] [2026-08-22T17:28:08.963995+00:00] ALERT for batch_id=84: Tomato batch #84: Medium risk (38.5/100). Recommended: Pune Market Yard (Gultekdi) (175.8 km, Rs 19.45/kg).
[NotificationService:STUB] [2026-08-22T17:28:08.967194+00:00] ALERT for batch_id=82: Tomato batch #82: Medium risk (38.5/100). Recommended: Pune Market Yard (Gultekdi) (175.8 km, Rs 19.45/kg).
[NotificationService:STUB] [2026-08-22T17:28:10.056917+00:00] ALERT for batch_id=81: Tomato batch #81: Medium risk (38.5/100). Recommended: Pune Market Yard (Gultekdi) (175.8 km, Rs 19.45/kg).
[NotificationService:STUB] [2026-08-22T17:28:55.019145+00:00] ALERT for batch_id=86: Tomato batch #86: Medium risk (38.5/100). Recommended: Pune Market Yard (Gultekdi) (175.8 km, Rs 19.45/kg).
[NotificationService:STUB] [2026-08-22T17:29:02.744743+00:00] ALERT for batch_id=86: Tomato batch #86: Medium risk (38.5/100). Recommended: Pune Market Yard (Gultekdi) (175.8 km, Rs 19.45/kg).
[NotificationService:STUB] [2026-08-22T17:29:05.599004+00:00] ALERT for batch_id=85: Onion batch #85: Medium risk (64.7/100). Recommended: Nashik Cold Storage Hub (36.9 km, Rs 19.81/kg).
[NotificationService:STUB] [2026-08-22T17:29:05.907816+00:00] ALERT for batch_id=84: Tomato batch #84: Medium risk (38.5/100). Recommended: Pune Market Yard (Gultekdi) (175.8 km, Rs 19.45/kg).
[NotificationService:STUB] [2026-08-22T17:29:06.019890+00:00] ALERT for batch_id=83: Tomato batch #83: Medium risk (38.5/100). Recommended: Pune Market Yard (Gultekdi) (175.8 km, Rs 19.45/kg).
[NotificationService:STUB] [2026-08-22T17:29:07.135713+00:00] ALERT for batch_id=82: Tomato batch #82: Medium risk (38.5/100). Recommended: Pune Market Yard (Gultekdi) (175.8 km, Rs 19.45/kg).
[NotificationService:STUB] [2026-08-22T17:29:12.914474+00:00] ALERT for batch_id=86: Tomato batch #86: Medium risk (38.5/100). Recommended: Pune Market Yard (Gultekdi) (175.8 km, Rs 19.45/kg).
[NotificationService:STUB] [2026-08-22T17:29:15.803034+00:00] ALERT for batch_id=83: Tomato batch #83: Medium risk (38.5/100). Recommended: Pune Market Yard (Gultekdi) (175.8 km, Rs 19.45/kg).
[NotificationService:STUB] [2026-08-22T17:29:15.808692+00:00] ALERT for batch_id=85: Onion batch #85: Medium risk (64.7/100). Recommended: Nashik Cold Storage Hub (36.9 km, Rs 19.81/kg).
[NotificationService:STUB] [2026-08-22T17:29:15.859119+00:00] ALERT for batch_id=84: Tomato batch #84: Medium risk (38.5/100). Recommended: Pune Market Yard (Gultekdi) (175.8 km, Rs 19.45/kg).
[NotificationService:STUB] [2026-08-22T17:31:11.734133+00:00] ALERT for batch_id=87: Tomato batch #87: Medium risk (38.5/100). Recommended: Pune Market Yard (Gultekdi) (175.8 km, Rs 19.45/kg).
[NotificationService:STUB] [2026-08-22T17:39:20.949710+00:00] ALERT for batch_id=87: Tomato batch #87: Medium risk (38.5/100). Recommended: Pune Market Yard (Gultekdi) (175.8 km, Rs 19.45/kg).
[NotificationService:STUB] [2026-08-22T17:39:53.061538+00:00] ALERT for batch_id=87: Tomato batch #87: Medium risk (38.5/100). Recommended: Pune Market Yard (Gultekdi) (175.8 km, Rs 19.45/kg).
[NotificationService:STUB] [2026-08-22T17:39:56.061532+00:00] ALERT for batch_id=86: Tomato batch #86: Medium risk (38.5/100). Recommended: Pune Market Yard (Gultekdi) (175.8 km, Rs 19.45/kg).
[NotificationService:STUB] [2026-08-22T17:39:56.158827+00:00] ALERT for batch_id=84: Tomato batch #84: Medium risk (38.5/100). Recommended: Pune Market Yard (Gultekdi) (175.8 km, Rs 19.45/kg).
[NotificationService:STUB] [2026-08-22T17:39:56.277476+00:00] ALERT for batch_id=85: Onion batch #85: Medium risk (64.7/100). Recommended: Nashik Cold Storage Hub (36.9 km, Rs 19.81/kg).
[NotificationService:STUB] [2026-08-22T17:39:57.451607+00:00] ALERT for batch_id=83: Tomato batch #83: Medium risk (38.5/100). Recommended: Pune Market Yard (Gultekdi) (175.8 km, Rs 19.45/kg).
[NotificationService:STUB] [2026-08-22T17:43:04.555260+00:00] ALERT for batch_id=87: Tomato batch #87: Medium risk (38.5/100). Recommended: Pune Market Yard (Gultekdi) (175.8 km, Rs 19.45/kg).
[NotificationService:STUB] [2026-08-22T17:43:10.712993+00:00] ALERT for batch_id=87: Tomato batch #87: Medium risk (38.5/100). Recommended: Pune Market Yard (Gultekdi) (175.8 km, Rs 19.45/kg).
[NotificationService:STUB] [2026-08-22T17:44:33.189295+00:00] ALERT for batch_id=87: Tomato batch #87: Medium risk (38.5/100). Recommended: Pune Market Yard (Gultekdi) (175.8 km, Rs 19.45/kg).
[NotificationService:STUB] [2026-08-22T17:44:38.732344+00:00] ALERT for batch_id=87: Tomato batch #87: Medium risk (38.5/100). Recommended: Pune Market Yard (Gultekdi) (175.8 km, Rs 19.45/kg).
[NotificationService:STUB] [2026-08-22T17:45:11.831242+00:00] ALERT for batch_id=87: Tomato batch #87: Medium risk (38.5/100). Recommended: Pune Market Yard (Gultekdi) (175.8 km, Rs 19.45/kg).
[NotificationService:STUB] [2026-08-22T17:45:58.692756+00:00] ALERT for batch_id=87: Tomato batch #87: Medium risk (38.5/100). Recommended: Pune Market Yard (Gultekdi) (175.8 km, Rs 19.45/kg).
[NotificationService:STUB] [2026-08-22T17:48:53.884092+00:00] ALERT for batch_id=87: Tomato batch #87: Medium risk (38.5/100). Recommended: Pune Market Yard (Gultekdi) (175.8 km, Rs 19.45/kg).
[NotificationService:STUB] [2026-08-22T17:56:29.219993+00:00] ALERT for batch_id=87: Tomato batch #87: Medium risk (38.5/100). Recommended: Pune Market Yard (Gultekdi) (175.8 km, Rs 19.45/kg).
[NotificationService:STUB] [2026-08-22T17:56:31.480641+00:00] ALERT for batch_id=87: Tomato batch #87: Medium risk (38.5/100). Recommended: Pune Market Yard (Gultekdi) (175.8 km, Rs 19.45/kg).
[NotificationService:STUB] [2026-08-22T17:57:00.910171+00:00] ALERT for batch_id=87: Tomato batch #87: Medium risk (38.5/100). Recommended: Pune Market Yard (Gultekdi) (175.8 km, Rs 19.45/kg).
[NotificationService:STUB] [2026-08-22T17:57:36.845494+00:00] ALERT for batch_id=87: Tomato batch #87: Medium risk (38.5/100). Recommended: Pune Market Yard (Gultekdi) (175.8 km, Rs 19.45/kg).
[NotificationService:STUB] [2026-08-22T17:57:40.135828+00:00] ALERT for batch_id=85: Onion batch #85: Medium risk (64.7/100). Recommended: Nashik Cold Storage Hub (36.9 km, Rs 19.81/kg).
[NotificationService:STUB] [2026-08-22T17:57:40.235870+00:00] ALERT for batch_id=86: Tomato batch #86: Medium risk (38.5/100). Recommended: Pune Market Yard (Gultekdi) (175.8 km, Rs 19.45/kg).
[NotificationService:STUB] [2026-08-22T17:57:45.686135+00:00] ALERT for batch_id=84: Tomato batch #84: Medium risk (38.5/100). Recommended: Pune Market Yard (Gultekdi) (175.8 km, Rs 19.45/kg).
[NotificationService:STUB] [2026-08-22T17:57:46.868721+00:00] ALERT for batch_id=83: Tomato batch #83: Medium risk (38.5/100). Recommended: Pune Market Yard (Gultekdi) (175.8 km, Rs 19.45/kg).
[NotificationService:STUB] [2026-08-22T17:58:25.483997+00:00] ALERT for batch_id=87: Tomato batch #87: Medium risk (38.5/100). Recommended: Pune Market Yard (Gultekdi) (175.8 km, Rs 19.45/kg).
[NotificationService:STUB] [2026-08-22T17:58:28.425120+00:00] ALERT for batch_id=84: Tomato batch #84: Medium risk (38.5/100). Recommended: Pune Market Yard (Gultekdi) (175.8 km, Rs 19.45/kg).
[NotificationService:STUB] [2026-08-22T17:58:28.486550+00:00] ALERT for batch_id=86: Tomato batch #86: Medium risk (38.5/100). Recommended: Pune Market Yard (Gultekdi) (175.8 km, Rs 19.45/kg).
[NotificationService:STUB] [2026-08-22T17:58:28.585647+00:00] ALERT for batch_id=85: Onion batch #85: Medium risk (64.7/100). Recommended: Nashik Cold Storage Hub (36.9 km, Rs 19.81/kg).
[NotificationService:STUB] [2026-08-22T17:58:34.355196+00:00] ALERT for batch_id=87: Tomato batch #87: Medium risk (38.5/100). Recommended: Pune Market Yard (Gultekdi) (175.8 km, Rs 19.45/kg).
[NotificationService:STUB] [2026-08-22T18:00:47.191327+00:00] ALERT for batch_id=87: Tomato batch #87: Medium risk (38.5/100). Recommended: Pune Market Yard (Gultekdi) (175.8 km, Rs 19.45/kg).
[NotificationService:STUB] [2026-08-22T18:00:50.515053+00:00] ALERT for batch_id=86: Tomato batch #86: Medium risk (38.5/100). Recommended: Pune Market Yard (Gultekdi) (175.8 km, Rs 19.45/kg).
[NotificationService:STUB] [2026-08-22T18:00:50.518622+00:00] ALERT for batch_id=85: Onion batch #85: Medium risk (64.7/100). Recommended: Nashik Cold Storage Hub (36.9 km, Rs 19.81/kg).
[NotificationService:STUB] [2026-08-22T18:00:50.519145+00:00] ALERT for batch_id=84: Tomato batch #84: Medium risk (38.5/100). Recommended: Pune Market Yard (Gultekdi) (175.8 km, Rs 19.45/kg).
[NotificationService:STUB] [2026-08-22T18:00:52.103111+00:00] ALERT for batch_id=83: Tomato batch #83: Medium risk (38.5/100). Recommended: Pune Market Yard (Gultekdi) (175.8 km, Rs 19.45/kg).
[NotificationService:STUB] [2026-08-22T18:01:22.424538+00:00] ALERT for batch_id=87: Tomato batch #87: Medium risk (38.5/100). Recommended: Pune Market Yard (Gultekdi) (175.8 km, Rs 19.45/kg).
[NotificationService:STUB] [2026-08-22T18:01:25.409516+00:00] ALERT for batch_id=87: Tomato batch #87: Medium risk (38.5/100). Recommended: Pune Market Yard (Gultekdi) (175.8 km, Rs 19.45/kg).
[NotificationService:STUB] [2026-08-22T18:01:36.437019+00:00] ALERT for batch_id=87: Tomato batch #87: Medium risk (38.5/100). Recommended: Pune Market Yard (Gultekdi) (175.8 km, Rs 19.45/kg).
[NotificationService:STUB] [2026-08-22T18:01:39.876195+00:00] ALERT for batch_id=86: Tomato batch #86: Medium risk (38.5/100). Recommended: Pune Market Yard (Gultekdi) (175.8 km, Rs 19.45/kg).
[NotificationService:STUB] [2026-08-22T18:01:39.883932+00:00] ALERT for batch_id=85: Onion batch #85: Medium risk (64.7/100). Recommended: Nashik Cold Storage Hub (36.9 km, Rs 19.81/kg).
[NotificationService:STUB] [2026-08-22T18:01:39.975602+00:00] ALERT for batch_id=84: Tomato batch #84: Medium risk (38.5/100). Recommended: Pune Market Yard (Gultekdi) (175.8 km, Rs 19.45/kg).
[NotificationService:STUB] [2026-08-22T18:01:41.352926+00:00] ALERT for batch_id=83: Tomato batch #83: Medium risk (38.5/100). Recommended: Pune Market Yard (Gultekdi) (175.8 km, Rs 19.45/kg).
[NotificationService:STUB] [2026-08-22T18:09:32.278788+00:00] ALERT for batch_id=87: Tomato batch #87: Medium risk (38.5/100). Recommended: Pune Market Yard (Gultekdi) (175.8 km, Rs 19.45/kg).
[NotificationService:STUB] [2026-08-22T18:10:00.390161+00:00] ALERT for batch_id=87: Tomato batch #87: Medium risk (38.5/100). Recommended: Pune Market Yard (Gultekdi) (175.8 km, Rs 19.45/kg).
[NotificationService:STUB] [2026-08-22T18:10:03.346514+00:00] ALERT for batch_id=86: Tomato batch #86: Medium risk (38.5/100). Recommended: Pune Market Yard (Gultekdi) (175.8 km, Rs 19.45/kg).
[NotificationService:STUB] [2026-08-22T18:10:03.414239+00:00] ALERT for batch_id=85: Onion batch #85: Medium risk (64.7/100). Recommended: Nashik Cold Storage Hub (36.9 km, Rs 19.81/kg).
[NotificationService:STUB] [2026-08-22T18:10:03.424419+00:00] ALERT for batch_id=84: Tomato batch #84: Medium risk (38.5/100). Recommended: Pune Market Yard (Gultekdi) (175.8 km, Rs 19.45/kg).
[NotificationService:STUB] [2026-08-22T18:10:04.518657+00:00] ALERT for batch_id=83: Tomato batch #83: Medium risk (38.5/100). Recommended: Pune Market Yard (Gultekdi) (175.8 km, Rs 19.45/kg).
[NotificationService:STUB] [2026-08-22T18:10:14.226797+00:00] ALERT for batch_id=87: Tomato batch #87: Medium risk (38.5/100). Recommended: Pune Market Yard (Gultekdi) (175.8 km, Rs 19.45/kg).
[NotificationService:STUB] [2026-08-22T18:10:17.057596+00:00] ALERT for batch_id=87: Tomato batch #87: Medium risk (38.5/100). Recommended: Pune Market Yard (Gultekdi) (175.8 km, Rs 19.45/kg).
[NotificationService:STUB] [2026-08-22T18:10:19.428496+00:00] ALERT for batch_id=87: Tomato batch #87: Medium risk (38.5/100). Recommended: Pune Market Yard (Gultekdi) (175.8 km, Rs 19.45/kg).
[NotificationService:STUB] [2026-08-22T18:10:22.608088+00:00] ALERT for batch_id=84: Tomato batch #84: Medium risk (38.5/100). Recommended: Pune Market Yard (Gultekdi) (175.8 km, Rs 19.45/kg).
[NotificationService:STUB] [2026-08-22T18:10:22.664372+00:00] ALERT for batch_id=86: Tomato batch #86: Medium risk (38.5/100). Recommended: Pune Market Yard (Gultekdi) (175.8 km, Rs 19.45/kg).
[NotificationService:STUB] [2026-08-22T18:10:22.664926+00:00] ALERT for batch_id=85: Onion batch #85: Medium risk (64.7/100). Recommended: Nashik Cold Storage Hub (36.9 km, Rs 19.81/kg).
[NotificationService:STUB] [2026-08-22T18:10:23.690181+00:00] ALERT for batch_id=83: Tomato batch #83: Medium risk (38.5/100). Recommended: Pune Market Yard (Gultekdi) (175.8 km, Rs 19.45/kg).
[NotificationService:STUB] [2026-08-22T18:10:38.107829+00:00] ALERT for batch_id=87: Tomato batch #87: Medium risk (38.5/100). Recommended: Pune Market Yard (Gultekdi) (175.8 km, Rs 19.45/kg).
[NotificationService:STUB] [2026-08-22T18:10:40.898667+00:00] ALERT for batch_id=84: Tomato batch #84: Medium risk (38.5/100). Recommended: Pune Market Yard (Gultekdi) (175.8 km, Rs 19.45/kg).
[NotificationService:STUB] [2026-08-22T18:10:41.001750+00:00] ALERT for batch_id=86: Tomato batch #86: Medium risk (38.5/100). Recommended: Pune Market Yard (Gultekdi) (175.8 km, Rs 19.45/kg).
[NotificationService:STUB] [2026-08-22T18:10:41.122575+00:00] ALERT for batch_id=85: Onion batch #85: Medium risk (64.7/100). Recommended: Nashik Cold Storage Hub (36.9 km, Rs 19.81/kg).
[NotificationService:STUB] [2026-08-22T18:11:15.535869+00:00] ALERT for batch_id=87: Tomato batch #87: Medium risk (38.5/100). Recommended: Pune Market Yard (Gultekdi) (175.8 km, Rs 19.45/kg).
[NotificationService:STUB] [2026-08-22T18:11:34.187875+00:00] ALERT for batch_id=87: Tomato batch #87: Medium risk (38.5/100). Recommended: Pune Market Yard (Gultekdi) (175.8 km, Rs 19.45/kg).
[NotificationService:STUB] [2026-08-22T18:11:36.882535+00:00] ALERT for batch_id=86: Tomato batch #86: Medium risk (38.5/100). Recommended: Pune Market Yard (Gultekdi) (175.8 km, Rs 19.45/kg).
[NotificationService:STUB] [2026-08-22T18:11:37.121000+00:00] ALERT for batch_id=84: Tomato batch #84: Medium risk (38.5/100). Recommended: Pune Market Yard (Gultekdi) (175.8 km, Rs 19.45/kg).
[NotificationService:STUB] [2026-08-22T18:11:42.561572+00:00] ALERT for batch_id=85: Onion batch #85: Medium risk (64.7/100). Recommended: Nashik Cold Storage Hub (36.9 km, Rs 19.81/kg).
[NotificationService:STUB] [2026-08-22T18:13:07.459454+00:00] ALERT for batch_id=87: Tomato batch #87: Medium risk (38.5/100). Recommended: Pune Market Yard (Gultekdi) (175.8 km, Rs 19.45/kg).
[NotificationService:STUB] [2026-08-22T18:13:10.613307+00:00] ALERT for batch_id=85: Onion batch #85: Medium risk (64.7/100). Recommended: Nashik Cold Storage Hub (36.9 km, Rs 19.81/kg).
[NotificationService:STUB] [2026-08-22T18:13:10.744788+00:00] ALERT for batch_id=86: Tomato batch #86: Medium risk (38.5/100). Recommended: Pune Market Yard (Gultekdi) (175.8 km, Rs 19.45/kg).
[NotificationService:STUB] [2026-08-22T18:13:10.839666+00:00] ALERT for batch_id=84: Tomato batch #84: Medium risk (38.5/100). Recommended: Pune Market Yard (Gultekdi) (175.8 km, Rs 19.45/kg).
[NotificationService:STUB] [2026-08-22T18:13:12.308811+00:00] ALERT for batch_id=83: Tomato batch #83: Medium risk (38.5/100). Recommended: Pune Market Yard (Gultekdi) (175.8 km, Rs 19.45/kg).
[NotificationService:STUB] [2026-08-22T18:15:35.616681+00:00] ALERT for batch_id=87: Tomato batch #87: Medium risk (38.5/100). Recommended: Pune Market Yard (Gultekdi) (175.8 km, Rs 19.45/kg).
[NotificationService:STUB] [2026-08-22T18:15:38.571480+00:00] ALERT for batch_id=87: Tomato batch #87: Medium risk (38.5/100). Recommended: Pune Market Yard (Gultekdi) (175.8 km, Rs 19.45/kg).
[NotificationService:STUB] [2026-08-22T18:15:41.645760+00:00] ALERT for batch_id=87: Tomato batch #87: Medium risk (38.5/100). Recommended: Pune Market Yard (Gultekdi) (175.8 km, Rs 19.45/kg).
[NotificationService:STUB] [2026-08-22T18:15:44.407933+00:00] ALERT for batch_id=87: Tomato batch #87: Medium risk (38.5/100). Recommended: Pune Market Yard (Gultekdi) (175.8 km, Rs 19.45/kg).
[NotificationService:STUB] [2026-08-22T18:15:48.015495+00:00] ALERT for batch_id=85: Onion batch #85: Medium risk (64.7/100). Recommended: Nashik Cold Storage Hub (36.9 km, Rs 19.81/kg).
[NotificationService:STUB] [2026-08-22T18:15:48.040939+00:00] ALERT for batch_id=84: Tomato batch #84: Medium risk (38.5/100). Recommended: Pune Market Yard (Gultekdi) (175.8 km, Rs 19.45/kg).
[NotificationService:STUB] [2026-08-22T18:15:48.050225+00:00] ALERT for batch_id=86: Tomato batch #86: Medium risk (38.5/100). Recommended: Pune Market Yard (Gultekdi) (175.8 km, Rs 19.45/kg).
[NotificationService:STUB] [2026-08-22T18:15:49.665634+00:00] ALERT for batch_id=83: Tomato batch #83: Medium risk (38.5/100). Recommended: Pune Market Yard (Gultekdi) (175.8 km, Rs 19.45/kg).
[NotificationService:STUB] [2026-08-22T18:17:31.386041+00:00] ALERT for batch_id=87: Tomato batch #87: Medium risk (38.5/100). Recommended: Pune Market Yard (Gultekdi) (175.8 km, Rs 19.45/kg).
[NotificationService:STUB] [2026-08-22T18:17:34.103938+00:00] ALERT for batch_id=86: Tomato batch #86: Medium risk (38.5/100). Recommended: Pune Market Yard (Gultekdi) (175.8 km, Rs 19.45/kg).
[NotificationService:STUB] [2026-08-22T18:17:34.222527+00:00] ALERT for batch_id=85: Onion batch #85: Medium risk (64.7/100). Recommended: Nashik Cold Storage Hub (36.9 km, Rs 19.81/kg).
[NotificationService:STUB] [2026-08-22T18:17:34.222730+00:00] ALERT for batch_id=84: Tomato batch #84: Medium risk (38.5/100). Recommended: Pune Market Yard (Gultekdi) (175.8 km, Rs 19.45/kg).
[NotificationService:STUB] [2026-08-22T18:18:39.203252+00:00] ALERT for batch_id=87: Tomato batch #87: Medium risk (38.5/100). Recommended: Pune Market Yard (Gultekdi) (175.8 km, Rs 19.45/kg).
[NotificationService:STUB] [2026-08-22T18:18:42.507501+00:00] ALERT for batch_id=85: Onion batch #85: Medium risk (64.7/100). Recommended: Nashik Cold Storage Hub (36.9 km, Rs 19.81/kg).
[NotificationService:STUB] [2026-08-22T18:18:42.577374+00:00] ALERT for batch_id=84: Tomato batch #84: Medium risk (38.5/100). Recommended: Pune Market Yard (Gultekdi) (175.8 km, Rs 19.45/kg).
[NotificationService:STUB] [2026-08-22T18:18:42.605301+00:00] ALERT for batch_id=86: Tomato batch #86: Medium risk (38.5/100). Recommended: Pune Market Yard (Gultekdi) (175.8 km, Rs 19.45/kg).
[NotificationService:STUB] [2026-08-22T18:18:44.158235+00:00] ALERT for batch_id=83: Tomato batch #83: Medium risk (38.5/100). Recommended: Pune Market Yard (Gultekdi) (175.8 km, Rs 19.45/kg).
[NotificationService:STUB] [2026-08-22T18:23:22.151865+00:00] ALERT for batch_id=87: Tomato batch #87: Medium risk (38.5/100). Recommended: Pune Market Yard (Gultekdi) (175.8 km, Rs 19.45/kg).
[NotificationService:STUB] [2026-08-22T18:23:24.766097+00:00] ALERT for batch_id=84: Tomato batch #84: Medium risk (38.5/100). Recommended: Pune Market Yard (Gultekdi) (175.8 km, Rs 19.45/kg).
[NotificationService:STUB] [2026-08-22T18:23:24.812609+00:00] ALERT for batch_id=85: Onion batch #85: Medium risk (64.7/100). Recommended: Nashik Cold Storage Hub (36.9 km, Rs 19.81/kg).
[NotificationService:STUB] [2026-08-22T18:23:24.824921+00:00] ALERT for batch_id=86: Tomato batch #86: Medium risk (38.5/100). Recommended: Pune Market Yard (Gultekdi) (175.8 km, Rs 19.45/kg).
[NotificationService:STUB] [2026-08-22T18:24:02.359805+00:00] ALERT for batch_id=87: Tomato batch #87: Medium risk (38.5/100). Recommended: Pune Market Yard (Gultekdi) (175.8 km, Rs 19.45/kg).
[NotificationService:STUB] [2026-08-22T18:24:05.714571+00:00] ALERT for batch_id=86: Tomato batch #86: Medium risk (38.5/100). Recommended: Pune Market Yard (Gultekdi) (175.8 km, Rs 19.45/kg).
[NotificationService:STUB] [2026-08-22T18:24:05.739486+00:00] ALERT for batch_id=85: Onion batch #85: Medium risk (64.7/100). Recommended: Nashik Cold Storage Hub (36.9 km, Rs 19.81/kg).
[NotificationService:STUB] [2026-08-22T18:24:05.823798+00:00] ALERT for batch_id=84: Tomato batch #84: Medium risk (38.5/100). Recommended: Pune Market Yard (Gultekdi) (175.8 km, Rs 19.45/kg).
[NotificationService:STUB] [2026-08-22T18:24:07.148834+00:00] ALERT for batch_id=83: Tomato batch #83: Medium risk (38.5/100). Recommended: Pune Market Yard (Gultekdi) (175.8 km, Rs 19.45/kg).
[NotificationService:STUB] [2026-08-22T18:25:03.671065+00:00] ALERT for batch_id=88: Onion batch #88: Medium risk (64.7/100). Recommended: Nashik Cold Storage Hub (36.9 km, Rs 19.81/kg).
[NotificationService:STUB] [2026-08-22T18:27:06.319808+00:00] ALERT for batch_id=88: Onion batch #88: Medium risk (64.7/100). Recommended: Nashik Cold Storage Hub (36.9 km, Rs 19.81/kg).
[NotificationService:STUB] [2026-08-22T18:27:09.792317+00:00] ALERT for batch_id=87: Tomato batch #87: Medium risk (38.5/100). Recommended: Pune Market Yard (Gultekdi) (175.8 km, Rs 19.45/kg).
[NotificationService:STUB] [2026-08-22T18:27:09.822688+00:00] ALERT for batch_id=86: Tomato batch #86: Medium risk (38.5/100). Recommended: Pune Market Yard (Gultekdi) (175.8 km, Rs 19.45/kg).
[NotificationService:STUB] [2026-08-22T18:27:09.937034+00:00] ALERT for batch_id=85: Onion batch #85: Medium risk (64.7/100). Recommended: Nashik Cold Storage Hub (36.9 km, Rs 19.81/kg).
[NotificationService:STUB] [2026-08-22T18:27:11.284315+00:00] ALERT for batch_id=84: Tomato batch #84: Medium risk (38.5/100). Recommended: Pune Market Yard (Gultekdi) (175.8 km, Rs 19.45/kg).
[NotificationService:STUB] [2026-08-22T18:27:19.671167+00:00] ALERT for batch_id=88: Onion batch #88: Medium risk (64.7/100). Recommended: Nashik Cold Storage Hub (36.9 km, Rs 19.81/kg).
[NotificationService:STUB] [2026-08-22T18:27:22.975583+00:00] ALERT for batch_id=87: Tomato batch #87: Medium risk (38.5/100). Recommended: Pune Market Yard (Gultekdi) (175.8 km, Rs 19.45/kg).
[NotificationService:STUB] [2026-08-22T18:27:23.119975+00:00] ALERT for batch_id=86: Tomato batch #86: Medium risk (38.5/100). Recommended: Pune Market Yard (Gultekdi) (175.8 km, Rs 19.45/kg).
[NotificationService:STUB] [2026-08-22T18:27:23.146343+00:00] ALERT for batch_id=85: Onion batch #85: Medium risk (64.7/100). Recommended: Nashik Cold Storage Hub (36.9 km, Rs 19.81/kg).
[NotificationService:STUB] [2026-08-22T18:27:24.620389+00:00] ALERT for batch_id=84: Tomato batch #84: Medium risk (38.5/100). Recommended: Pune Market Yard (Gultekdi) (175.8 km, Rs 19.45/kg).
[NotificationService:STUB] [2026-08-22T18:37:28.061919+00:00] ALERT for batch_id=88: Onion batch #88: Medium risk (64.7/100). Recommended: Nashik Cold Storage Hub (36.9 km, Rs 19.81/kg).
[NotificationService:STUB] [2026-08-22T18:37:32.637591+00:00] ALERT for batch_id=85: Onion batch #85: Medium risk (64.7/100). Recommended: Nashik Cold Storage Hub (36.9 km, Rs 19.81/kg).
[NotificationService:STUB] [2026-08-22T18:37:32.822196+00:00] ALERT for batch_id=86: Tomato batch #86: Medium risk (46.3/100). Recommended: Pune Market Yard (Gultekdi) (175.8 km, Rs 19.45/kg).
[NotificationService:STUB] [2026-08-22T18:37:32.895800+00:00] ALERT for batch_id=87: Tomato batch #87: Medium risk (46.3/100). Recommended: Pune Market Yard (Gultekdi) (175.8 km, Rs 19.45/kg).
[NotificationService:STUB] [2026-08-22T18:39:15.265172+00:00] ALERT for batch_id=88: Onion batch #88: Medium risk (64.7/100). Recommended: Nashik Cold Storage Hub (36.9 km, Rs 19.81/kg).
[NotificationService:STUB] [2026-08-22T18:39:20.107985+00:00] ALERT for batch_id=87: Tomato batch #87: Medium risk (46.3/100). Recommended: Pune Market Yard (Gultekdi) (175.8 km, Rs 19.45/kg).
[NotificationService:STUB] [2026-08-22T18:39:20.112774+00:00] ALERT for batch_id=86: Tomato batch #86: Medium risk (46.3/100). Recommended: Pune Market Yard (Gultekdi) (175.8 km, Rs 19.45/kg).
[NotificationService:STUB] [2026-08-22T18:39:20.212816+00:00] ALERT for batch_id=85: Onion batch #85: Medium risk (64.7/100). Recommended: Nashik Cold Storage Hub (36.9 km, Rs 19.81/kg).
[NotificationService:STUB] [2026-08-22T18:41:16.827196+00:00] ALERT for batch_id=88: Onion batch #88: Medium risk (64.7/100). Recommended: Nashik Cold Storage Hub (36.9 km, Rs 19.81/kg).
[NotificationService:STUB] [2026-08-22T18:41:23.122290+00:00] ALERT for batch_id=85: Onion batch #85: Medium risk (64.7/100). Recommended: Nashik Cold Storage Hub (36.9 km, Rs 19.81/kg).
[NotificationService:STUB] [2026-08-22T18:41:23.125385+00:00] ALERT for batch_id=87: Tomato batch #87: Medium risk (46.3/100). Recommended: Pune Market Yard (Gultekdi) (175.8 km, Rs 19.45/kg).
[NotificationService:STUB] [2026-08-22T18:41:23.214378+00:00] ALERT for batch_id=86: Tomato batch #86: Medium risk (46.3/100). Recommended: Pune Market Yard (Gultekdi) (175.8 km, Rs 19.45/kg).
[NotificationService:STUB] [2026-08-22T18:41:26.491256+00:00] ALERT for batch_id=84: Tomato batch #84: Medium risk (46.3/100). Recommended: Pune Market Yard (Gultekdi) (175.8 km, Rs 19.45/kg).
[NotificationService:STUB] [2026-08-22T18:41:38.122416+00:00] ALERT for batch_id=88: Onion batch #88: Medium risk (64.7/100). Recommended: Nashik Cold Storage Hub (36.9 km, Rs 19.81/kg).
[NotificationService:STUB] [2026-08-22T18:41:55.595747+00:00] ALERT for batch_id=88: Onion batch #88: Medium risk (64.7/100). Recommended: Nashik Cold Storage Hub (36.9 km, Rs 19.81/kg).
[NotificationService:STUB] [2026-08-22T18:42:00.125255+00:00] ALERT for batch_id=88: Onion batch #88: Medium risk (64.7/100). Recommended: Nashik Cold Storage Hub (36.9 km, Rs 19.81/kg).
[NotificationService:STUB] [2026-08-22T18:42:09.417304+00:00] ALERT for batch_id=89: Mango batch #89: High risk (68.1/100). Recommended: Nashik Cold Storage Hub (36.9 km, Rs 33.93/kg).
[NotificationService:STUB] [2026-08-22T18:42:12.105469+00:00] ALERT for batch_id=88: Onion batch #88: Medium risk (64.7/100). Recommended: Nashik Cold Storage Hub (36.9 km, Rs 19.81/kg).
[NotificationService:STUB] [2026-08-22T18:43:42.636246+00:00] ALERT for batch_id=89: Mango batch #89: High risk (68.1/100). Recommended: Nashik Cold Storage Hub (36.9 km, Rs 33.93/kg).
[NotificationService:STUB] [2026-08-22T18:43:48.633772+00:00] ALERT for batch_id=88: Onion batch #88: Medium risk (64.7/100). Recommended: Nashik Cold Storage Hub (36.9 km, Rs 19.81/kg).
[NotificationService:STUB] [2026-08-22T18:43:48.696641+00:00] ALERT for batch_id=87: Tomato batch #87: Medium risk (46.3/100). Recommended: Pune Market Yard (Gultekdi) (175.8 km, Rs 19.45/kg).
[NotificationService:STUB] [2026-08-22T18:43:48.772674+00:00] ALERT for batch_id=86: Tomato batch #86: Medium risk (46.3/100). Recommended: Pune Market Yard (Gultekdi) (175.8 km, Rs 19.45/kg).
[NotificationService:STUB] [2026-08-22T18:43:56.984730+00:00] ALERT for batch_id=85: Onion batch #85: Medium risk (64.7/100). Recommended: Nashik Cold Storage Hub (36.9 km, Rs 19.81/kg).
[NotificationService:STUB] [2026-08-22T18:44:14.019920+00:00] ALERT for batch_id=89: Mango batch #89: High risk (68.1/100). Recommended: Nashik Cold Storage Hub (36.9 km, Rs 33.93/kg).
[NotificationService:STUB] [2026-08-22T18:44:20.238711+00:00] ALERT for batch_id=87: Tomato batch #87: Medium risk (46.3/100). Recommended: Pune Market Yard (Gultekdi) (175.8 km, Rs 19.45/kg).
[NotificationService:STUB] [2026-08-22T18:44:20.249448+00:00] ALERT for batch_id=88: Onion batch #88: Medium risk (64.7/100). Recommended: Nashik Cold Storage Hub (36.9 km, Rs 19.81/kg).
[NotificationService:STUB] [2026-08-22T18:44:20.294611+00:00] ALERT for batch_id=86: Tomato batch #86: Medium risk (46.3/100). Recommended: Pune Market Yard (Gultekdi) (175.8 km, Rs 19.45/kg).
[NotificationService:STUB] [2026-08-22T18:44:22.952027+00:00] ALERT for batch_id=85: Onion batch #85: Medium risk (64.7/100). Recommended: Nashik Cold Storage Hub (36.9 km, Rs 19.81/kg).
[NotificationService:STUB] [2026-08-22T18:51:12.980227+00:00] ALERT for batch_id=90: Tomato batch #90: Medium risk (46.3/100). Recommended: Pune Market Yard (Gultekdi) (175.8 km, Rs 19.45/kg).
[NotificationService:STUB] [2026-08-22T18:51:20.862915+00:00] ALERT for batch_id=90: Tomato batch #90: Medium risk (46.3/100). Recommended: Pune Market Yard (Gultekdi) (175.8 km, Rs 19.45/kg).
[NotificationService:STUB] [2026-08-22T18:51:23.516815+00:00] ALERT for batch_id=89: Mango batch #89: High risk (68.1/100). Recommended: Nashik Cold Storage Hub (36.9 km, Rs 33.93/kg).
[NotificationService:STUB] [2026-08-22T18:51:25.374890+00:00] ALERT for batch_id=88: Onion batch #88: Medium risk (64.7/100). Recommended: Nashik Cold Storage Hub (36.9 km, Rs 19.81/kg).
[NotificationService:STUB] [2026-08-22T18:51:25.487321+00:00] ALERT for batch_id=87: Tomato batch #87: Medium risk (46.3/100). Recommended: Pune Market Yard (Gultekdi) (175.8 km, Rs 19.45/kg).
[NotificationService:STUB] [2026-08-22T18:51:27.123746+00:00] ALERT for batch_id=86: Tomato batch #86: Medium risk (46.3/100). Recommended: Pune Market Yard (Gultekdi) (175.8 km, Rs 19.45/kg).
[NotificationService:STUB] [2026-08-22T18:57:20.898109+00:00] ALERT for batch_id=91: Tomato batch #91: Medium risk (46.3/100). Recommended: Pune Market Yard (Gultekdi) (175.8 km, Rs 19.45/kg).
[NotificationService:STUB] [2026-08-22T18:57:28.461075+00:00] ALERT for batch_id=91: Tomato batch #91: Medium risk (46.3/100). Recommended: Pune Market Yard (Gultekdi) (175.8 km, Rs 19.45/kg).
[NotificationService:STUB] [2026-08-22T18:57:31.405623+00:00] ALERT for batch_id=89: Mango batch #89: High risk (68.1/100). Recommended: Nashik Cold Storage Hub (36.9 km, Rs 33.93/kg).
[NotificationService:STUB] [2026-08-22T18:57:32.863064+00:00] ALERT for batch_id=90: Tomato batch #90: Medium risk (46.3/100). Recommended: Pune Market Yard (Gultekdi) (175.8 km, Rs 19.45/kg).
[NotificationService:STUB] [2026-08-22T18:57:33.008892+00:00] ALERT for batch_id=88: Onion batch #88: Medium risk (64.7/100). Recommended: Nashik Cold Storage Hub (36.9 km, Rs 19.81/kg).
[NotificationService:STUB] [2026-08-22T18:57:34.704860+00:00] ALERT for batch_id=87: Tomato batch #87: Medium risk (46.3/100). Recommended: Pune Market Yard (Gultekdi) (175.8 km, Rs 19.45/kg).
[NotificationService:STUB] [2026-08-22T18:57:43.686586+00:00] ALERT for batch_id=91: Tomato batch #91: Medium risk (46.3/100). Recommended: Pune Market Yard (Gultekdi) (175.8 km, Rs 19.45/kg).
[NotificationService:STUB] [2026-08-22T18:57:46.647944+00:00] ALERT for batch_id=89: Mango batch #89: High risk (68.1/100). Recommended: Nashik Cold Storage Hub (36.9 km, Rs 33.93/kg).
[NotificationService:STUB] [2026-08-22T18:57:47.860428+00:00] ALERT for batch_id=88: Onion batch #88: Medium risk (64.7/100). Recommended: Nashik Cold Storage Hub (36.9 km, Rs 19.81/kg).
[NotificationService:STUB] [2026-08-22T18:57:47.966649+00:00] ALERT for batch_id=90: Tomato batch #90: Medium risk (46.3/100). Recommended: Pune Market Yard (Gultekdi) (175.8 km, Rs 19.45/kg).
[NotificationService:STUB] [2026-08-22T18:57:49.415428+00:00] ALERT for batch_id=87: Tomato batch #87: Medium risk (46.3/100). Recommended: Pune Market Yard (Gultekdi) (175.8 km, Rs 19.45/kg).
[NotificationService:STUB] [2026-08-22T18:59:16.262308+00:00] ALERT for batch_id=91: Tomato batch #91: Medium risk (46.3/100). Recommended: Pune Market Yard (Gultekdi) (175.8 km, Rs 19.45/kg).
[NotificationService:STUB] [2026-08-22T18:59:32.207392+00:00] ALERT for batch_id=92: Tomato batch #92: Medium risk (61.8/100). Recommended: Nashik Cold Storage Hub (36.9 km, Rs 15.32/kg).
[NotificationService:STUB] [2026-08-22T19:00:03.795122+00:00] ALERT for batch_id=92: Tomato batch #92: Medium risk (61.8/100). Recommended: Nashik Cold Storage Hub (36.9 km, Rs 15.32/kg).
[NotificationService:STUB] [2026-08-22T19:00:07.711170+00:00] ALERT for batch_id=89: Mango batch #89: High risk (68.1/100). Recommended: Nashik Cold Storage Hub (36.9 km, Rs 33.93/kg).
[NotificationService:STUB] [2026-08-22T19:00:09.482798+00:00] ALERT for batch_id=91: Tomato batch #91: Medium risk (46.3/100). Recommended: Pune Market Yard (Gultekdi) (175.8 km, Rs 19.45/kg).
[NotificationService:STUB] [2026-08-22T19:00:09.635843+00:00] ALERT for batch_id=90: Tomato batch #90: Medium risk (46.3/100). Recommended: Pune Market Yard (Gultekdi) (175.8 km, Rs 19.45/kg).
[NotificationService:STUB] [2026-08-22T19:00:12.008120+00:00] ALERT for batch_id=88: Onion batch #88: Medium risk (64.7/100). Recommended: Nashik Cold Storage Hub (36.9 km, Rs 19.81/kg).
[NotificationService:STUB] [2026-08-22T19:18:47.023725+00:00] ALERT for batch_id=92: Tomato batch #92: Medium risk (61.8/100). Recommended: Nashik Cold Storage Hub (36.9 km, Rs 15.32/kg).
[NotificationService:STUB] [2026-08-22T19:19:27.683789+00:00] ALERT for batch_id=93: Tomato batch #93: Medium risk (46.3/100). Recommended: Pune Market Yard (Gultekdi) (175.8 km, Rs 19.45/kg).
[NotificationService:STUB] [2026-08-22T19:19:35.021847+00:00] ALERT for batch_id=93: Tomato batch #93: Medium risk (46.3/100). Recommended: Pune Market Yard (Gultekdi) (175.8 km, Rs 19.45/kg).
[NotificationService:STUB] [2026-08-22T19:19:37.255594+00:00] ALERT for batch_id=89: Mango batch #89: High risk (68.1/100). Recommended: Nashik Cold Storage Hub (36.9 km, Rs 33.93/kg).
[NotificationService:STUB] [2026-08-22T19:19:46.050349+00:00] ALERT for batch_id=93: Tomato batch #93: Medium risk (46.3/100). Recommended: Pune Market Yard (Gultekdi) (175.8 km, Rs 19.45/kg).
[NotificationService:STUB] [2026-08-22T19:19:48.134883+00:00] ALERT for batch_id=89: Mango batch #89: High risk (68.1/100). Recommended: Nashik Cold Storage Hub (36.9 km, Rs 33.93/kg).
[NotificationService:STUB] [2026-08-22T19:21:35.657673+00:00] ALERT for batch_id=93: Tomato batch #93: Medium risk (46.3/100). Recommended: Pune Market Yard (Gultekdi) (175.8 km, Rs 19.45/kg).
[NotificationService:STUB] [2026-08-22T19:21:37.727741+00:00] ALERT for batch_id=89: Mango batch #89: High risk (68.1/100). Recommended: Nashik Cold Storage Hub (36.9 km, Rs 33.93/kg).
[NotificationService:STUB] [2026-08-22T19:22:52.890498+00:00] ALERT for batch_id=93: Tomato batch #93: Medium risk (46.3/100). Recommended: Pune Market Yard (Gultekdi) (175.8 km, Rs 19.45/kg).
[NotificationService:STUB] [2026-08-22T19:22:57.804658+00:00] ALERT for batch_id=93: Tomato batch #93: Medium risk (46.3/100). Recommended: Pune Market Yard (Gultekdi) (175.8 km, Rs 19.45/kg).
[NotificationService:STUB] [2026-08-22T19:22:59.272117+00:00] ALERT for batch_id=94: Tomato batch #94: Medium risk (46.3/100). Recommended: Pune Market Yard (Gultekdi) (175.8 km, Rs 19.45/kg).
[NotificationService:STUB] [2026-08-22T19:30:00.353258+00:00] ALERT for batch_id=95: Tomato batch #95: Medium risk (46.3/100). Recommended: Pune Market Yard (Gultekdi) (175.8 km, Rs 19.45/kg).
[NotificationService:STUB] [2026-08-22T19:30:09.574351+00:00] ALERT for batch_id=95: Tomato batch #95: Medium risk (46.3/100). Recommended: Pune Market Yard (Gultekdi) (175.8 km, Rs 19.45/kg).
[NotificationService:STUB] [2026-08-22T19:30:12.696900+00:00] ALERT for batch_id=94: Tomato batch #94: Medium risk (46.3/100). Recommended: Pune Market Yard (Gultekdi) (175.8 km, Rs 19.45/kg).
[NotificationService:STUB] [2026-08-22T19:31:05.165637+00:00] ALERT for batch_id=96: Tomato batch #96: Medium risk (46.3/100). Recommended: Pune Market Yard (Gultekdi) (175.8 km, Rs 19.45/kg).
[NotificationService:STUB] [2026-08-22T19:40:01.598513+00:00] ALERT for batch_id=97: Tomato batch #97: Medium risk (46.3/100). Recommended: Pune Market Yard (Gultekdi) (175.8 km, Rs 19.45/kg).
[NotificationService:STUB] [2026-08-22T19:40:05.938059+00:00] ALERT for batch_id=97: Tomato batch #97: Medium risk (46.3/100). Recommended: Pune Market Yard (Gultekdi) (175.8 km, Rs 19.45/kg).
[NotificationService:STUB] [2026-08-22T19:42:58.368385+00:00] ALERT for batch_id=98: Tomato batch #98: Medium risk (46.3/100). Recommended: Pune Market Yard (Gultekdi) (175.8 km, Rs 19.45/kg).
[NotificationService:STUB] [2026-08-22T19:43:06.281927+00:00] ALERT for batch_id=98: Tomato batch #98: Medium risk (46.3/100). Recommended: Pune Market Yard (Gultekdi) (175.8 km, Rs 19.45/kg).
[NotificationService:STUB] [2026-08-22T19:44:49.436915+00:00] ALERT for batch_id=99: Tomato batch #99: Medium risk (46.3/100). Recommended: Pune Market Yard (Gultekdi) (175.8 km, Rs 19.45/kg).
[NotificationService:STUB] [2026-08-22T19:44:58.135524+00:00] ALERT for batch_id=99: Tomato batch #99: Medium risk (46.3/100). Recommended: Pune Market Yard (Gultekdi) (175.8 km, Rs 19.45/kg).
[NotificationService:STUB] [2026-08-22T19:46:36.399870+00:00] ALERT for batch_id=100: Tomato batch #100: Medium risk (46.3/100). Recommended: Pune Market Yard (Gultekdi) (175.8 km, Rs 19.45/kg).
[NotificationService:STUB] [2026-08-22T19:59:17.089404+00:00] ALERT for batch_id=101: Tomato batch #101: Medium risk (46.3/100). Recommended: Pune Market Yard (Gultekdi) (175.8 km, Rs 19.45/kg).
[NotificationService:STUB] [2026-08-22T20:00:17.192101+00:00] ALERT for batch_id=102: Potato batch #102: Medium risk (43.6/100). Recommended: Nashik Cold Storage Hub (36.9 km, Rs 13.79/kg).
[NotificationService:STUB] [2026-08-22T20:07:18.172021+00:00] ALERT for batch_id=104: Potato batch #104: Low risk (23.7/100). Recommended: Nashik APMC Mandi (34.7 km, Rs 14.51/kg).
[NotificationService:STUB] [2026-08-22T20:08:37.082170+00:00] ALERT for batch_id=105: Potato batch #105: Low risk (23.7/100). Recommended: Nashik APMC Mandi (34.7 km, Rs 14.51/kg).
[NotificationService:STUB] [2026-08-22T20:08:57.703277+00:00] ALERT for batch_id=106: Potato batch #106: Low risk (33.1/100). Recommended: Nashik APMC Mandi (34.7 km, Rs 14.51/kg).
[NotificationService:STUB] [2026-08-22T20:09:21.427200+00:00] ALERT for batch_id=107: Potato batch #107: Medium risk (41.4/100). Recommended: Nashik Cold Storage Hub (36.9 km, Rs 13.79/kg).
[NotificationService:STUB] [2026-08-22T20:09:39.373595+00:00] ALERT for batch_id=108: Potato batch #108: Medium risk (44.2/100). Recommended: Nashik Cold Storage Hub (36.9 km, Rs 13.79/kg).
[NotificationService:STUB] [2026-08-22T20:09:54.845338+00:00] ALERT for batch_id=109: Potato batch #109: Medium risk (44.2/100). Recommended: Nashik Cold Storage Hub (36.9 km, Rs 13.79/kg).
[NotificationService:STUB] [2026-08-22T20:10:11.278238+00:00] ALERT for batch_id=110: Potato batch #110: Medium risk (45.6/100). Recommended: Nashik Cold Storage Hub (36.9 km, Rs 13.79/kg).
[NotificationService:STUB] [2026-08-22T20:18:02.573445+00:00] ALERT for batch_id=110: Potato batch #110: High risk (50.7/100). Recommended: Nashik Cold Storage Hub (36.9 km, Rs 13.79/kg).
[NotificationService:STUB] [2026-08-22T20:18:15.082470+00:00] ALERT for batch_id=110: Potato batch #110: High risk (50.7/100). Recommended: Nashik Cold Storage Hub (36.9 km, Rs 13.79/kg).
[NotificationService:STUB] [2026-08-22T20:18:18.779967+00:00] ALERT for batch_id=108: Potato batch #108: Medium risk (49.0/100). Recommended: Nashik Cold Storage Hub (36.9 km, Rs 13.79/kg).
[NotificationService:STUB] [2026-08-22T20:18:18.862536+00:00] ALERT for batch_id=109: Potato batch #109: Medium risk (49.0/100). Recommended: Nashik Cold Storage Hub (36.9 km, Rs 13.79/kg).
[NotificationService:STUB] [2026-08-22T20:18:18.905088+00:00] ALERT for batch_id=107: Potato batch #107: Medium risk (45.5/100). Recommended: Nashik Cold Storage Hub (36.9 km, Rs 13.79/kg).
[NotificationService:STUB] [2026-08-22T20:19:42.051671+00:00] ALERT for batch_id=111: Tomato batch #111: High risk (69.6/100). Recommended: Nashik Cold Storage Hub (36.9 km, Rs 15.32/kg).
[NotificationService:STUB] [2026-08-22T20:20:17.717882+00:00] ALERT for batch_id=112: Tomato batch #112: High risk (53.3/100). Recommended: Pune Market Yard (Gultekdi) (175.8 km, Rs 19.45/kg).
[NotificationService:STUB] [2026-08-22T20:20:34.517385+00:00] ALERT for batch_id=113: Tomato batch #113: Low risk (30.1/100). Recommended: Pune Market Yard (Gultekdi) (175.8 km, Rs 19.45/kg).
[NotificationService:STUB] [2026-08-22T20:21:10.908110+00:00] ALERT for batch_id=113: Tomato batch #113: Low risk (30.1/100). Recommended: Pune Market Yard (Gultekdi) (175.8 km, Rs 19.45/kg).
[NotificationService:STUB] [2026-08-22T20:21:14.074784+00:00] ALERT for batch_id=112: Tomato batch #112: High risk (53.3/100). Recommended: Pune Market Yard (Gultekdi) (175.8 km, Rs 19.45/kg).
[NotificationService:STUB] [2026-08-22T20:21:14.306556+00:00] ALERT for batch_id=110: Potato batch #110: High risk (50.7/100). Recommended: Nashik Cold Storage Hub (36.9 km, Rs 13.79/kg).
[NotificationService:STUB] [2026-08-22T20:21:14.318552+00:00] ALERT for batch_id=111: Tomato batch #111: High risk (69.6/100). Recommended: Nashik Cold Storage Hub (36.9 km, Rs 15.32/kg).
[NotificationService:STUB] [2026-08-22T20:21:17.218701+00:00] ALERT for batch_id=109: Potato batch #109: Medium risk (49.0/100). Recommended: Nashik Cold Storage Hub (36.9 km, Rs 13.79/kg).
[NotificationService:STUB] [2026-08-22T20:39:34.430834+00:00] ALERT for batch_id=113: Tomato batch #113: Low risk (30.1/100). Recommended: Pune Market Yard (Gultekdi) (175.8 km, Rs 19.45/kg).
[NotificationService:STUB] [2026-08-22T20:39:37.667279+00:00] ALERT for batch_id=111: Tomato batch #111: High risk (69.6/100). Recommended: Nashik Cold Storage Hub (36.9 km, Rs 15.32/kg).
[NotificationService:STUB] [2026-08-22T20:39:37.761139+00:00] ALERT for batch_id=112: Tomato batch #112: High risk (53.3/100). Recommended: Pune Market Yard (Gultekdi) (175.8 km, Rs 19.45/kg).
[NotificationService:STUB] [2026-08-22T20:39:37.826556+00:00] ALERT for batch_id=110: Potato batch #110: High risk (50.7/100). Recommended: Nashik Cold Storage Hub (36.9 km, Rs 13.79/kg).
[NotificationService:STUB] [2026-08-22T20:39:40.778263+00:00] ALERT for batch_id=109: Potato batch #109: Medium risk (49.0/100). Recommended: Nashik Cold Storage Hub (36.9 km, Rs 13.79/kg).
[NotificationService:STUB] [2026-08-22T20:39:48.030909+00:00] ALERT for batch_id=113: Tomato batch #113: Low risk (30.1/100). Recommended: Pune Market Yard (Gultekdi) (175.8 km, Rs 19.45/kg).
[NotificationService:STUB] [2026-08-22T20:39:51.207485+00:00] ALERT for batch_id=111: Tomato batch #111: High risk (69.6/100). Recommended: Nashik Cold Storage Hub (36.9 km, Rs 15.32/kg).
[NotificationService:STUB] [2026-08-22T20:39:51.419534+00:00] ALERT for batch_id=112: Tomato batch #112: High risk (53.3/100). Recommended: Pune Market Yard (Gultekdi) (175.8 km, Rs 19.45/kg).
[NotificationService:STUB] [2026-08-22T20:39:51.423778+00:00] ALERT for batch_id=110: Potato batch #110: High risk (50.7/100). Recommended: Nashik Cold Storage Hub (36.9 km, Rs 13.79/kg).
[NotificationService:STUB] [2026-08-22T20:39:54.134895+00:00] ALERT for batch_id=109: Potato batch #109: Medium risk (49.0/100). Recommended: Nashik Cold Storage Hub (36.9 km, Rs 13.79/kg).
